// Jest Snapshot v1, https://goo.gl/fbAQLP

exports[`styles as properties should have highest priority 1`] = `
<View
  style={
    Array [
      Object {
        "backgroundColor": "green",
      },
      Object {
        "backgroundColor": "blue",
      },
    ]
  }
/>
`;
